// Jest Snapshot v1, https://goo.gl/fbAQLP

exports[`DailySchedule Component should render correctly 1`] = `
<div
  className="page-container"
>
  <div
    className="MuiPaper-root MuiPaper-elevation1 MuiPaper-rounded"
  >
    <div
      className="Root-container-1"
      style={
        Object {
          "height": "100%",
        }
      }
    >
      <div
        className="makeStyles-container-2"
        onScroll={[Function]}
      >
        <div>
          <div
            className="makeStyles-stickyElement-3 makeStyles-header-4 makeStyles-flexRow-11"
          >
            <div
              className="makeStyles-background-14 makeStyles-inlineFlex-13 makeStyles-ordinaryHeaderBorder-8"
            >
              <div
                className="makeStyles-stickyElement-3 makeStyles-leftPanel-5 makeStyles-dayScaleEmptyCell-10 makeStyles-dayScaleEmptyCell-15 makeStyles-ordinaryLeftPanelBorder-6"
              >
                <div
                  className="DayScaleEmptyCell-emptyCell-16"
                />
              </div>
              <div>
                <table
                  className="MuiTable-root makeStyles-table-17 makeStyles-table-18"
                  role={null}
                >
                  <tbody
                    className="MuiTableBody-root"
                    role={null}
                  >
                    <tr
                      className="MuiTableRow-root"
                      role={null}
                    >
                      <td
                        aria-sort={null}
                        className="MuiTableCell-root MuiTableCell-body Cell-cell-19"
                      >
                        <div
                          className="Cell-dayView-23"
                        >
                          <p
                            className="Cell-dayOfWeek-20"
                          >
                            Tue
                          </p>
                          <div
                            className="Cell-dayOfMonth-21"
                          >
                            20
                          </div>
                        </div>
                      </td>
                    </tr>
                  </tbody>
                </table>
              </div>
            </div>
          </div>
          <div
            className="makeStyles-flexRow-11"
          >
            <div
              className="makeStyles-inlineFlex-13"
            >
              <div
                className="makeStyles-flexRow-11 makeStyles-stickyElement-3 makeStyles-leftPanel-5 makeStyles-ordinaryLeftPanelBorder-6"
              >
                <div
                  className="makeStyles-flexRow-29"
                >
                  <table
                    className="MuiTable-root makeStyles-timeScaleContainer-25"
                    role={null}
                  >
                    <tbody
                      className="MuiTableBody-root"
                      role={null}
                    >
                      <tr
                        className="MuiTableRow-root"
                        role={null}
                      >
                        <td
                          aria-sort={null}
                          className="MuiTableCell-root MuiTableCell-body makeStyles-cell-27"
                        >
                          <div
                            className="Label-label-31 Label-emptyLabel-33"
                          />
                          <div
                            className="Label-label-31"
                          >
                            <span
                              className="Label-text-32"
                            >
                              12:30 AM
                            </span>
                          </div>
                          <div
                            className="Label-label-31"
                          >
                            <span
                              className="Label-text-32"
                            >
                              1:00 AM
                            </span>
                          </div>
                          <div
                            className="Label-label-31"
                          >
                            <span
                              className="Label-text-32"
                            >
                              1:30 AM
                            </span>
                          </div>
                          <div
                            className="Label-label-31"
                          >
                            <span
                              className="Label-text-32"
                            >
                              2:00 AM
                            </span>
                          </div>
                          <div
                            className="Label-label-31"
                          >
                            <span
                              className="Label-text-32"
                            >
                              2:30 AM
                            </span>
                          </div>
                          <div
                            className="Label-label-31"
                          >
                            <span
                              className="Label-text-32"
                            >
                              3:00 AM
                            </span>
                          </div>
                          <div
                            className="Label-label-31"
                          >
                            <span
                              className="Label-text-32"
                            >
                              3:30 AM
                            </span>
                          </div>
                          <div
                            className="Label-label-31"
                          >
                            <span
                              className="Label-text-32"
                            >
                              4:00 AM
                            </span>
                          </div>
                          <div
                            className="Label-label-31"
                          >
                            <span
                              className="Label-text-32"
                            >
                              4:30 AM
                            </span>
                          </div>
                          <div
                            className="Label-label-31"
                          >
                            <span
                              className="Label-text-32"
                            >
                              5:00 AM
                            </span>
                          </div>
                          <div
                            className="Label-label-31"
                          >
                            <span
                              className="Label-text-32"
                            >
                              5:30 AM
                            </span>
                          </div>
                          <div
                            className="Label-label-31"
                          >
                            <span
                              className="Label-text-32"
                            >
                              6:00 AM
                            </span>
                          </div>
                          <div
                            className="Label-label-31"
                          >
                            <span
                              className="Label-text-32"
                            >
                              6:30 AM
                            </span>
                          </div>
                          <div
                            className="Label-label-31"
                          >
                            <span
                              className="Label-text-32"
                            >
                              7:00 AM
                            </span>
                          </div>
                          <div
                            className="Label-label-31"
                          >
                            <span
                              className="Label-text-32"
                            >
                              7:30 AM
                            </span>
                          </div>
                          <div
                            className="Label-label-31"
                          >
                            <span
                              className="Label-text-32"
                            >
                              8:00 AM
                            </span>
                          </div>
                          <div
                            className="Label-label-31"
                          >
                            <span
                              className="Label-text-32"
                            >
                              8:30 AM
                            </span>
                          </div>
                          <div
                            className="Label-label-31"
                          >
                            <span
                              className="Label-text-32"
                            >
                              9:00 AM
                            </span>
                          </div>
                          <div
                            className="Label-label-31"
                          >
                            <span
                              className="Label-text-32"
                            >
                              9:30 AM
                            </span>
                          </div>
                          <div
                            className="Label-label-31"
                          >
                            <span
                              className="Label-text-32"
                            >
                              10:00 AM
                            </span>
                          </div>
                          <div
                            className="Label-label-31"
                          >
                            <span
                              className="Label-text-32"
                            >
                              10:30 AM
                            </span>
                          </div>
                          <div
                            className="Label-label-31"
                          >
                            <span
                              className="Label-text-32"
                            >
                              11:00 AM
                            </span>
                          </div>
                          <div
                            className="Label-label-31"
                          >
                            <span
                              className="Label-text-32"
                            >
                              11:30 AM
                            </span>
                          </div>
                          <div
                            className="Label-label-31"
                          >
                            <span
                              className="Label-text-32"
                            >
                              12:00 PM
                            </span>
                          </div>
                          <div
                            className="Label-label-31"
                          >
                            <span
                              className="Label-text-32"
                            >
                              12:30 PM
                            </span>
                          </div>
                          <div
                            className="Label-label-31"
                          >
                            <span
                              className="Label-text-32"
                            >
                              1:00 PM
                            </span>
                          </div>
                          <div
                            className="Label-label-31"
                          >
                            <span
                              className="Label-text-32"
                            >
                              1:30 PM
                            </span>
                          </div>
                          <div
                            className="Label-label-31"
                          >
                            <span
                              className="Label-text-32"
                            >
                              2:00 PM
                            </span>
                          </div>
                          <div
                            className="Label-label-31"
                          >
                            <span
                              className="Label-text-32"
                            >
                              2:30 PM
                            </span>
                          </div>
                          <div
                            className="Label-label-31"
                          >
                            <span
                              className="Label-text-32"
                            >
                              3:00 PM
                            </span>
                          </div>
                          <div
                            className="Label-label-31"
                          >
                            <span
                              className="Label-text-32"
                            >
                              3:30 PM
                            </span>
                          </div>
                          <div
                            className="Label-label-31"
                          >
                            <span
                              className="Label-text-32"
                            >
                              4:00 PM
                            </span>
                          </div>
                          <div
                            className="Label-label-31"
                          >
                            <span
                              className="Label-text-32"
                            >
                              4:30 PM
                            </span>
                          </div>
                          <div
                            className="Label-label-31"
                          >
                            <span
                              className="Label-text-32"
                            >
                              5:00 PM
                            </span>
                          </div>
                          <div
                            className="Label-label-31"
                          >
                            <span
                              className="Label-text-32"
                            >
                              5:30 PM
                            </span>
                          </div>
                          <div
                            className="Label-label-31"
                          >
                            <span
                              className="Label-text-32"
                            >
                              6:00 PM
                            </span>
                          </div>
                          <div
                            className="Label-label-31"
                          >
                            <span
                              className="Label-text-32"
                            >
                              6:30 PM
                            </span>
                          </div>
                          <div
                            className="Label-label-31"
                          >
                            <span
                              className="Label-text-32"
                            >
                              7:00 PM
                            </span>
                          </div>
                          <div
                            className="Label-label-31"
                          >
                            <span
                              className="Label-text-32"
                            >
                              7:30 PM
                            </span>
                          </div>
                          <div
                            className="Label-label-31"
                          >
                            <span
                              className="Label-text-32"
                            >
                              8:00 PM
                            </span>
                          </div>
                          <div
                            className="Label-label-31"
                          >
                            <span
                              className="Label-text-32"
                            >
                              8:30 PM
                            </span>
                          </div>
                          <div
                            className="Label-label-31"
                          >
                            <span
                              className="Label-text-32"
                            >
                              9:00 PM
                            </span>
                          </div>
                          <div
                            className="Label-label-31"
                          >
                            <span
                              className="Label-text-32"
                            >
                              9:30 PM
                            </span>
                          </div>
                          <div
                            className="Label-label-31"
                          >
                            <span
                              className="Label-text-32"
                            >
                              10:00 PM
                            </span>
                          </div>
                          <div
                            className="Label-label-31"
                          >
                            <span
                              className="Label-text-32"
                            >
                              10:30 PM
                            </span>
                          </div>
                          <div
                            className="Label-label-31"
                          >
                            <span
                              className="Label-text-32"
                            >
                              11:00 PM
                            </span>
                          </div>
                          <div
                            className="Label-label-31"
                          >
                            <span
                              className="Label-text-32"
                            >
                              11:30 PM
                            </span>
                          </div>
                          <div
                            className="Label-label-31 Label-emptyLabel-33"
                          />
                        </td>
                      </tr>
                    </tbody>
                  </table>
                  <table
                    className="MuiTable-root TicksLayout-table-34 makeStyles-ticks-26"
                    role={null}
                  >
                    <tbody
                      className="MuiTableBody-root"
                      role={null}
                    >
                      <tr
                        className="MuiTableRow-root"
                        role={null}
                      >
                        <td
                          aria-sort={null}
                          className="MuiTableCell-root MuiTableCell-body TickCell-cell-35"
                        />
                      </tr>
                      <tr
                        className="MuiTableRow-root"
                        role={null}
                      >
                        <td
                          aria-sort={null}
                          className="MuiTableCell-root MuiTableCell-body TickCell-cell-35"
                        />
                      </tr>
                      <tr
                        className="MuiTableRow-root"
                        role={null}
                      >
                        <td
                          aria-sort={null}
                          className="MuiTableCell-root MuiTableCell-body TickCell-cell-35"
                        />
                      </tr>
                      <tr
                        className="MuiTableRow-root"
                        role={null}
                      >
                        <td
                          aria-sort={null}
                          className="MuiTableCell-root MuiTableCell-body TickCell-cell-35"
                        />
                      </tr>
                      <tr
                        className="MuiTableRow-root"
                        role={null}
                      >
                        <td
                          aria-sort={null}
                          className="MuiTableCell-root MuiTableCell-body TickCell-cell-35"
                        />
                      </tr>
                      <tr
                        className="MuiTableRow-root"
                        role={null}
                      >
                        <td
                          aria-sort={null}
                          className="MuiTableCell-root MuiTableCell-body TickCell-cell-35"
                        />
                      </tr>
                      <tr
                        className="MuiTableRow-root"
                        role={null}
                      >
                        <td
                          aria-sort={null}
                          className="MuiTableCell-root MuiTableCell-body TickCell-cell-35"
                        />
                      </tr>
                      <tr
                        className="MuiTableRow-root"
                        role={null}
                      >
                        <td
                          aria-sort={null}
                          className="MuiTableCell-root MuiTableCell-body TickCell-cell-35"
                        />
                      </tr>
                      <tr
                        className="MuiTableRow-root"
                        role={null}
                      >
                        <td
                          aria-sort={null}
                          className="MuiTableCell-root MuiTableCell-body TickCell-cell-35"
                        />
                      </tr>
                      <tr
                        className="MuiTableRow-root"
                        role={null}
                      >
                        <td
                          aria-sort={null}
                          className="MuiTableCell-root MuiTableCell-body TickCell-cell-35"
                        />
                      </tr>
                      <tr
                        className="MuiTableRow-root"
                        role={null}
                      >
                        <td
                          aria-sort={null}
                          className="MuiTableCell-root MuiTableCell-body TickCell-cell-35"
                        />
                      </tr>
                      <tr
                        className="MuiTableRow-root"
                        role={null}
                      >
                        <td
                          aria-sort={null}
                          className="MuiTableCell-root MuiTableCell-body TickCell-cell-35"
                        />
                      </tr>
                      <tr
                        className="MuiTableRow-root"
                        role={null}
                      >
                        <td
                          aria-sort={null}
                          className="MuiTableCell-root MuiTableCell-body TickCell-cell-35"
                        />
                      </tr>
                      <tr
                        className="MuiTableRow-root"
                        role={null}
                      >
                        <td
                          aria-sort={null}
                          className="MuiTableCell-root MuiTableCell-body TickCell-cell-35"
                        />
                      </tr>
                      <tr
                        className="MuiTableRow-root"
                        role={null}
                      >
                        <td
                          aria-sort={null}
                          className="MuiTableCell-root MuiTableCell-body TickCell-cell-35"
                        />
                      </tr>
                      <tr
                        className="MuiTableRow-root"
                        role={null}
                      >
                        <td
                          aria-sort={null}
                          className="MuiTableCell-root MuiTableCell-body TickCell-cell-35"
                        />
                      </tr>
                      <tr
                        className="MuiTableRow-root"
                        role={null}
                      >
                        <td
                          aria-sort={null}
                          className="MuiTableCell-root MuiTableCell-body TickCell-cell-35"
                        />
                      </tr>
                      <tr
                        className="MuiTableRow-root"
                        role={null}
                      >
                        <td
                          aria-sort={null}
                          className="MuiTableCell-root MuiTableCell-body TickCell-cell-35"
                        />
                      </tr>
                      <tr
                        className="MuiTableRow-root"
                        role={null}
                      >
                        <td
                          aria-sort={null}
                          className="MuiTableCell-root MuiTableCell-body TickCell-cell-35"
                        />
                      </tr>
                      <tr
                        className="MuiTableRow-root"
                        role={null}
                      >
                        <td
                          aria-sort={null}
                          className="MuiTableCell-root MuiTableCell-body TickCell-cell-35"
                        />
                      </tr>
                      <tr
                        className="MuiTableRow-root"
                        role={null}
                      >
                        <td
                          aria-sort={null}
                          className="MuiTableCell-root MuiTableCell-body TickCell-cell-35"
                        />
                      </tr>
                      <tr
                        className="MuiTableRow-root"
                        role={null}
                      >
                        <td
                          aria-sort={null}
                          className="MuiTableCell-root MuiTableCell-body TickCell-cell-35"
                        />
                      </tr>
                      <tr
                        className="MuiTableRow-root"
                        role={null}
                      >
                        <td
                          aria-sort={null}
                          className="MuiTableCell-root MuiTableCell-body TickCell-cell-35"
                        />
                      </tr>
                      <tr
                        className="MuiTableRow-root"
                        role={null}
                      >
                        <td
                          aria-sort={null}
                          className="MuiTableCell-root MuiTableCell-body TickCell-cell-35"
                        />
                      </tr>
                      <tr
                        className="MuiTableRow-root"
                        role={null}
                      >
                        <td
                          aria-sort={null}
                          className="MuiTableCell-root MuiTableCell-body TickCell-cell-35"
                        />
                      </tr>
                      <tr
                        className="MuiTableRow-root"
                        role={null}
                      >
                        <td
                          aria-sort={null}
                          className="MuiTableCell-root MuiTableCell-body TickCell-cell-35"
                        />
                      </tr>
                      <tr
                        className="MuiTableRow-root"
                        role={null}
                      >
                        <td
                          aria-sort={null}
                          className="MuiTableCell-root MuiTableCell-body TickCell-cell-35"
                        />
                      </tr>
                      <tr
                        className="MuiTableRow-root"
                        role={null}
                      >
                        <td
                          aria-sort={null}
                          className="MuiTableCell-root MuiTableCell-body TickCell-cell-35"
                        />
                      </tr>
                      <tr
                        className="MuiTableRow-root"
                        role={null}
                      >
                        <td
                          aria-sort={null}
                          className="MuiTableCell-root MuiTableCell-body TickCell-cell-35"
                        />
                      </tr>
                      <tr
                        className="MuiTableRow-root"
                        role={null}
                      >
                        <td
                          aria-sort={null}
                          className="MuiTableCell-root MuiTableCell-body TickCell-cell-35"
                        />
                      </tr>
                      <tr
                        className="MuiTableRow-root"
                        role={null}
                      >
                        <td
                          aria-sort={null}
                          className="MuiTableCell-root MuiTableCell-body TickCell-cell-35"
                        />
                      </tr>
                      <tr
                        className="MuiTableRow-root"
                        role={null}
                      >
                        <td
                          aria-sort={null}
                          className="MuiTableCell-root MuiTableCell-body TickCell-cell-35"
                        />
                      </tr>
                      <tr
                        className="MuiTableRow-root"
                        role={null}
                      >
                        <td
                          aria-sort={null}
                          className="MuiTableCell-root MuiTableCell-body TickCell-cell-35"
                        />
                      </tr>
                      <tr
                        className="MuiTableRow-root"
                        role={null}
                      >
                        <td
                          aria-sort={null}
                          className="MuiTableCell-root MuiTableCell-body TickCell-cell-35"
                        />
                      </tr>
                      <tr
                        className="MuiTableRow-root"
                        role={null}
                      >
                        <td
                          aria-sort={null}
                          className="MuiTableCell-root MuiTableCell-body TickCell-cell-35"
                        />
                      </tr>
                      <tr
                        className="MuiTableRow-root"
                        role={null}
                      >
                        <td
                          aria-sort={null}
                          className="MuiTableCell-root MuiTableCell-body TickCell-cell-35"
                        />
                      </tr>
                      <tr
                        className="MuiTableRow-root"
                        role={null}
                      >
                        <td
                          aria-sort={null}
                          className="MuiTableCell-root MuiTableCell-body TickCell-cell-35"
                        />
                      </tr>
                      <tr
                        className="MuiTableRow-root"
                        role={null}
                      >
                        <td
                          aria-sort={null}
                          className="MuiTableCell-root MuiTableCell-body TickCell-cell-35"
                        />
                      </tr>
                      <tr
                        className="MuiTableRow-root"
                        role={null}
                      >
                        <td
                          aria-sort={null}
                          className="MuiTableCell-root MuiTableCell-body TickCell-cell-35"
                        />
                      </tr>
                      <tr
                        className="MuiTableRow-root"
                        role={null}
                      >
                        <td
                          aria-sort={null}
                          className="MuiTableCell-root MuiTableCell-body TickCell-cell-35"
                        />
                      </tr>
                      <tr
                        className="MuiTableRow-root"
                        role={null}
                      >
                        <td
                          aria-sort={null}
                          className="MuiTableCell-root MuiTableCell-body TickCell-cell-35"
                        />
                      </tr>
                      <tr
                        className="MuiTableRow-root"
                        role={null}
                      >
                        <td
                          aria-sort={null}
                          className="MuiTableCell-root MuiTableCell-body TickCell-cell-35"
                        />
                      </tr>
                      <tr
                        className="MuiTableRow-root"
                        role={null}
                      >
                        <td
                          aria-sort={null}
                          className="MuiTableCell-root MuiTableCell-body TickCell-cell-35"
                        />
                      </tr>
                      <tr
                        className="MuiTableRow-root"
                        role={null}
                      >
                        <td
                          aria-sort={null}
                          className="MuiTableCell-root MuiTableCell-body TickCell-cell-35"
                        />
                      </tr>
                      <tr
                        className="MuiTableRow-root"
                        role={null}
                      >
                        <td
                          aria-sort={null}
                          className="MuiTableCell-root MuiTableCell-body TickCell-cell-35"
                        />
                      </tr>
                      <tr
                        className="MuiTableRow-root"
                        role={null}
                      >
                        <td
                          aria-sort={null}
                          className="MuiTableCell-root MuiTableCell-body TickCell-cell-35"
                        />
                      </tr>
                      <tr
                        className="MuiTableRow-root"
                        role={null}
                      >
                        <td
                          aria-sort={null}
                          className="MuiTableCell-root MuiTableCell-body TickCell-cell-35"
                        />
                      </tr>
                      <tr
                        className="MuiTableRow-root"
                        role={null}
                      >
                        <td
                          aria-sort={null}
                          className="MuiTableCell-root MuiTableCell-body TickCell-cell-35"
                        />
                      </tr>
                    </tbody>
                  </table>
                </div>
              </div>
              <div
                className="makeStyles-relativeContainer-12"
              >
                <table
                  className="MuiTable-root makeStyles-table-17 makeStyles-table-38"
                  role={null}
                >
                  <tbody
                    className="MuiTableBody-root"
                    role={null}
                  >
                    <tr
                      className="MuiTableRow-root"
                      role={null}
                    >
                      <td
                        aria-sort={null}
                        className="MuiTableCell-root MuiTableCell-body makeStyles-cell-39"
                        tabIndex={0}
                      />
                    </tr>
                    <tr
                      className="MuiTableRow-root"
                      role={null}
                    >
                      <td
                        aria-sort={null}
                        className="MuiTableCell-root MuiTableCell-body makeStyles-cell-39"
                        tabIndex={0}
                      />
                    </tr>
                    <tr
                      className="MuiTableRow-root"
                      role={null}
                    >
                      <td
                        aria-sort={null}
                        className="MuiTableCell-root MuiTableCell-body makeStyles-cell-39"
                        tabIndex={0}
                      />
                    </tr>
                    <tr
                      className="MuiTableRow-root"
                      role={null}
                    >
                      <td
                        aria-sort={null}
                        className="MuiTableCell-root MuiTableCell-body makeStyles-cell-39"
                        tabIndex={0}
                      />
                    </tr>
                    <tr
                      className="MuiTableRow-root"
                      role={null}
                    >
                      <td
                        aria-sort={null}
                        className="MuiTableCell-root MuiTableCell-body makeStyles-cell-39"
                        tabIndex={0}
                      />
                    </tr>
                    <tr
                      className="MuiTableRow-root"
                      role={null}
                    >
                      <td
                        aria-sort={null}
                        className="MuiTableCell-root MuiTableCell-body makeStyles-cell-39"
                        tabIndex={0}
                      />
                    </tr>
                    <tr
                      className="MuiTableRow-root"
                      role={null}
                    >
                      <td
                        aria-sort={null}
                        className="MuiTableCell-root MuiTableCell-body makeStyles-cell-39"
                        tabIndex={0}
                      />
                    </tr>
                    <tr
                      className="MuiTableRow-root"
                      role={null}
                    >
                      <td
                        aria-sort={null}
                        className="MuiTableCell-root MuiTableCell-body makeStyles-cell-39"
                        tabIndex={0}
                      />
                    </tr>
                    <tr
                      className="MuiTableRow-root"
                      role={null}
                    >
                      <td
                        aria-sort={null}
                        className="MuiTableCell-root MuiTableCell-body makeStyles-cell-39"
                        tabIndex={0}
                      />
                    </tr>
                    <tr
                      className="MuiTableRow-root"
                      role={null}
                    >
                      <td
                        aria-sort={null}
                        className="MuiTableCell-root MuiTableCell-body makeStyles-cell-39"
                        tabIndex={0}
                      />
                    </tr>
                    <tr
                      className="MuiTableRow-root"
                      role={null}
                    >
                      <td
                        aria-sort={null}
                        className="MuiTableCell-root MuiTableCell-body makeStyles-cell-39"
                        tabIndex={0}
                      />
                    </tr>
                    <tr
                      className="MuiTableRow-root"
                      role={null}
                    >
                      <td
                        aria-sort={null}
                        className="MuiTableCell-root MuiTableCell-body makeStyles-cell-39"
                        tabIndex={0}
                      />
                    </tr>
                    <tr
                      className="MuiTableRow-root"
                      role={null}
                    >
                      <td
                        aria-sort={null}
                        className="MuiTableCell-root MuiTableCell-body makeStyles-cell-39"
                        tabIndex={0}
                      />
                    </tr>
                    <tr
                      className="MuiTableRow-root"
                      role={null}
                    >
                      <td
                        aria-sort={null}
                        className="MuiTableCell-root MuiTableCell-body makeStyles-cell-39"
                        tabIndex={0}
                      />
                    </tr>
                    <tr
                      className="MuiTableRow-root"
                      role={null}
                    >
                      <td
                        aria-sort={null}
                        className="MuiTableCell-root MuiTableCell-body makeStyles-cell-39"
                        tabIndex={0}
                      />
                    </tr>
                    <tr
                      className="MuiTableRow-root"
                      role={null}
                    >
                      <td
                        aria-sort={null}
                        className="MuiTableCell-root MuiTableCell-body makeStyles-cell-39"
                        tabIndex={0}
                      />
                    </tr>
                    <tr
                      className="MuiTableRow-root"
                      role={null}
                    >
                      <td
                        aria-sort={null}
                        className="MuiTableCell-root MuiTableCell-body makeStyles-cell-39"
                        tabIndex={0}
                      />
                    </tr>
                    <tr
                      className="MuiTableRow-root"
                      role={null}
                    >
                      <td
                        aria-sort={null}
                        className="MuiTableCell-root MuiTableCell-body makeStyles-cell-39"
                        tabIndex={0}
                      />
                    </tr>
                    <tr
                      className="MuiTableRow-root"
                      role={null}
                    >
                      <td
                        aria-sort={null}
                        className="MuiTableCell-root MuiTableCell-body makeStyles-cell-39"
                        tabIndex={0}
                      />
                    </tr>
                    <tr
                      className="MuiTableRow-root"
                      role={null}
                    >
                      <td
                        aria-sort={null}
                        className="MuiTableCell-root MuiTableCell-body makeStyles-cell-39"
                        tabIndex={0}
                      />
                    </tr>
                    <tr
                      className="MuiTableRow-root"
                      role={null}
                    >
                      <td
                        aria-sort={null}
                        className="MuiTableCell-root MuiTableCell-body makeStyles-cell-39"
                        tabIndex={0}
                      />
                    </tr>
                    <tr
                      className="MuiTableRow-root"
                      role={null}
                    >
                      <td
                        aria-sort={null}
                        className="MuiTableCell-root MuiTableCell-body makeStyles-cell-39"
                        tabIndex={0}
                      />
                    </tr>
                    <tr
                      className="MuiTableRow-root"
                      role={null}
                    >
                      <td
                        aria-sort={null}
                        className="MuiTableCell-root MuiTableCell-body makeStyles-cell-39"
                        tabIndex={0}
                      />
                    </tr>
                    <tr
                      className="MuiTableRow-root"
                      role={null}
                    >
                      <td
                        aria-sort={null}
                        className="MuiTableCell-root MuiTableCell-body makeStyles-cell-39"
                        tabIndex={0}
                      />
                    </tr>
                    <tr
                      className="MuiTableRow-root"
                      role={null}
                    >
                      <td
                        aria-sort={null}
                        className="MuiTableCell-root MuiTableCell-body makeStyles-cell-39"
                        tabIndex={0}
                      />
                    </tr>
                    <tr
                      className="MuiTableRow-root"
                      role={null}
                    >
                      <td
                        aria-sort={null}
                        className="MuiTableCell-root MuiTableCell-body makeStyles-cell-39"
                        tabIndex={0}
                      />
                    </tr>
                    <tr
                      className="MuiTableRow-root"
                      role={null}
                    >
                      <td
                        aria-sort={null}
                        className="MuiTableCell-root MuiTableCell-body makeStyles-cell-39"
                        tabIndex={0}
                      />
                    </tr>
                    <tr
                      className="MuiTableRow-root"
                      role={null}
                    >
                      <td
                        aria-sort={null}
                        className="MuiTableCell-root MuiTableCell-body makeStyles-cell-39"
                        tabIndex={0}
                      />
                    </tr>
                    <tr
                      className="MuiTableRow-root"
                      role={null}
                    >
                      <td
                        aria-sort={null}
                        className="MuiTableCell-root MuiTableCell-body makeStyles-cell-39"
                        tabIndex={0}
                      />
                    </tr>
                    <tr
                      className="MuiTableRow-root"
                      role={null}
                    >
                      <td
                        aria-sort={null}
                        className="MuiTableCell-root MuiTableCell-body makeStyles-cell-39"
                        tabIndex={0}
                      />
                    </tr>
                    <tr
                      className="MuiTableRow-root"
                      role={null}
                    >
                      <td
                        aria-sort={null}
                        className="MuiTableCell-root MuiTableCell-body makeStyles-cell-39"
                        tabIndex={0}
                      />
                    </tr>
                    <tr
                      className="MuiTableRow-root"
                      role={null}
                    >
                      <td
                        aria-sort={null}
                        className="MuiTableCell-root MuiTableCell-body makeStyles-cell-39"
                        tabIndex={0}
                      />
                    </tr>
                    <tr
                      className="MuiTableRow-root"
                      role={null}
                    >
                      <td
                        aria-sort={null}
                        className="MuiTableCell-root MuiTableCell-body makeStyles-cell-39"
                        tabIndex={0}
                      />
                    </tr>
                    <tr
                      className="MuiTableRow-root"
                      role={null}
                    >
                      <td
                        aria-sort={null}
                        className="MuiTableCell-root MuiTableCell-body makeStyles-cell-39"
                        tabIndex={0}
                      />
                    </tr>
                    <tr
                      className="MuiTableRow-root"
                      role={null}
                    >
                      <td
                        aria-sort={null}
                        className="MuiTableCell-root MuiTableCell-body makeStyles-cell-39"
                        tabIndex={0}
                      />
                    </tr>
                    <tr
                      className="MuiTableRow-root"
                      role={null}
                    >
                      <td
                        aria-sort={null}
                        className="MuiTableCell-root MuiTableCell-body makeStyles-cell-39"
                        tabIndex={0}
                      />
                    </tr>
                    <tr
                      className="MuiTableRow-root"
                      role={null}
                    >
                      <td
                        aria-sort={null}
                        className="MuiTableCell-root MuiTableCell-body makeStyles-cell-39"
                        tabIndex={0}
                      />
                    </tr>
                    <tr
                      className="MuiTableRow-root"
                      role={null}
                    >
                      <td
                        aria-sort={null}
                        className="MuiTableCell-root MuiTableCell-body makeStyles-cell-39"
                        tabIndex={0}
                      />
                    </tr>
                    <tr
                      className="MuiTableRow-root"
                      role={null}
                    >
                      <td
                        aria-sort={null}
                        className="MuiTableCell-root MuiTableCell-body makeStyles-cell-39"
                        tabIndex={0}
                      />
                    </tr>
                    <tr
                      className="MuiTableRow-root"
                      role={null}
                    >
                      <td
                        aria-sort={null}
                        className="MuiTableCell-root MuiTableCell-body makeStyles-cell-39"
                        tabIndex={0}
                      />
                    </tr>
                    <tr
                      className="MuiTableRow-root"
                      role={null}
                    >
                      <td
                        aria-sort={null}
                        className="MuiTableCell-root MuiTableCell-body makeStyles-cell-39"
                        tabIndex={0}
                      />
                    </tr>
                    <tr
                      className="MuiTableRow-root"
                      role={null}
                    >
                      <td
                        aria-sort={null}
                        className="MuiTableCell-root MuiTableCell-body makeStyles-cell-39"
                        tabIndex={0}
                      />
                    </tr>
                    <tr
                      className="MuiTableRow-root"
                      role={null}
                    >
                      <td
                        aria-sort={null}
                        className="MuiTableCell-root MuiTableCell-body makeStyles-cell-39"
                        tabIndex={0}
                      />
                    </tr>
                    <tr
                      className="MuiTableRow-root"
                      role={null}
                    >
                      <td
                        aria-sort={null}
                        className="MuiTableCell-root MuiTableCell-body makeStyles-cell-39"
                        tabIndex={0}
                      />
                    </tr>
                    <tr
                      className="MuiTableRow-root"
                      role={null}
                    >
                      <td
                        aria-sort={null}
                        className="MuiTableCell-root MuiTableCell-body makeStyles-cell-39"
                        tabIndex={0}
                      />
                    </tr>
                    <tr
                      className="MuiTableRow-root"
                      role={null}
                    >
                      <td
                        aria-sort={null}
                        className="MuiTableCell-root MuiTableCell-body makeStyles-cell-39"
                        tabIndex={0}
                      />
                    </tr>
                    <tr
                      className="MuiTableRow-root"
                      role={null}
                    >
                      <td
                        aria-sort={null}
                        className="MuiTableCell-root MuiTableCell-body makeStyles-cell-39"
                        tabIndex={0}
                      />
                    </tr>
                    <tr
                      className="MuiTableRow-root"
                      role={null}
                    >
                      <td
                        aria-sort={null}
                        className="MuiTableCell-root MuiTableCell-body makeStyles-cell-39"
                        tabIndex={0}
                      />
                    </tr>
                  </tbody>
                </table>
                <div
                  className="AppointmentsContainer-container-92"
                />
              </div>
            </div>
          </div>
        </div>
      </div>
    </div>
  </div>
</div>
`;
